I'm sorry, but errors were detected in your script. Please correct the
errors listed below, and try again.


File "game/mechanical_floor_1.rpy", line 665: choice menuitem expects a non-empty block.
    "Motivate Rocky to break it open" if expose_samsara_together == True:
                                                                         ^

Ren'Py Version: Ren'Py 8.4.1.25072401
Wed Sep 24 09:18:13 2025
